
R version 4.2.1 (2022-06-23) -- "Funny-Looking Kid"
Copyright (C) 2022 The R Foundation for Statistical Computing
Platform: aarch64-apple-darwin20 (64-bit)

R is free software and comes with ABSOLUTELY NO WARRANTY.
You are welcome to redistribute it under certain conditions.
Type 'license()' or 'licence()' for distribution details.

  Natural language support but running in an English locale

R is a collaborative project with many contributors.
Type 'contributors()' for more information and
'citation()' on how to cite R or R packages in publications.

Type 'demo()' for some demos, 'help()' for on-line help, or
'help.start()' for an HTML browser interface to help.
Type 'q()' to quit R.

> pkgname <- "gmsgff"
> source(file.path(R.home("share"), "R", "examples-header.R"))
> options(warn = 1)
> library('gmsgff')
> 
> base::assign(".oldSearch", base::search(), pos = 'CheckExEnv')
> base::assign(".old_wd", base::getwd(), pos = 'CheckExEnv')
> cleanEx()
> nameEx("gmsgff-package")
> ### * gmsgff-package
> 
> flush(stderr()); flush(stdout())
> 
> ### Name: gmsgff-package
> ### Title: Utilities for loading gene annotation data
> ### Aliases: gmsgff-package gmsgff
> ### Keywords: package
> 
> ### ** Examples
> 
> gmsgff::parse_gff3_to_dataframe( "##gff-version 3
+ #description: test data
+ chr1\tme\tgene\t1\t1000\t.\t+\t.\tID=gene1;other_data=stuff
+ chr1\tme\texon\t10\t900\t.\t+\t.\tID=gene1.1;Parent=gene1
+ " )
── Attaching core tidyverse packages ──────────────────────── tidyverse 2.0.0 ──
✔ dplyr     1.1.3     ✔ readr     2.1.4
✔ forcats   1.0.0     ✔ stringr   1.5.0
✔ ggplot2   3.4.3     ✔ tibble    3.2.1
✔ lubridate 1.9.3     ✔ tidyr     1.3.0
✔ purrr     1.0.2     
── Conflicts ────────────────────────────────────────── tidyverse_conflicts() ──
✖ dplyr::filter() masks stats::filter()
✖ dplyr::lag()    masks stats::lag()
ℹ Use the conflicted package (<http://conflicted.r-lib.org/>) to force all conflicts to become errors
# A tibble: 2 × 11
  seqid source type  start   end score strand phase attributes      ID    Parent
  <chr> <chr>  <chr> <int> <dbl> <dbl> <chr>  <int> <chr>           <chr> <chr> 
1 chr1  me     gene      1  1000    NA +         NA ID=gene1;other… gene1 <NA>  
2 chr1  me     exon     10   900    NA +         NA ID=gene1.1;Par… gene… gene1 
> 
> 
> 
> cleanEx()

detaching ‘package:lubridate’, ‘package:forcats’, ‘package:stringr’,
  ‘package:dplyr’, ‘package:purrr’, ‘package:readr’, ‘package:tidyr’,
  ‘package:tibble’, ‘package:ggplot2’, ‘package:tidyverse’

> nameEx("parse_gff3_to_dataframe")
> ### * parse_gff3_to_dataframe
> 
> flush(stderr()); flush(stdout())
> 
> ### Name: parse_gff3_to_dataframe
> ### Title: Parse a gff file to a tidyverse dataframe
> ### Aliases: parse_gff3_to_dataframe
> 
> ### ** Examples
> 
> gencode = gmsgff::parse_gff3_to_dataframe( "##gff-version 3
+ #description: test data
+ chr1\tme\tgene\t1\t1000\t.\t+\t.\tID=gene1;other_data=stuff
+ chr1\tme\texon\t10\t900\t.\t+\t.\tID=gene1.1;Parent=gene1
+ " )
── Attaching core tidyverse packages ──────────────────────── tidyverse 2.0.0 ──
✔ dplyr     1.1.3     ✔ readr     2.1.4
✔ forcats   1.0.0     ✔ stringr   1.5.0
✔ ggplot2   3.4.3     ✔ tibble    3.2.1
✔ lubridate 1.9.3     ✔ tidyr     1.3.0
✔ purrr     1.0.2     
── Conflicts ────────────────────────────────────────── tidyverse_conflicts() ──
✖ dplyr::filter() masks stats::filter()
✖ dplyr::lag()    masks stats::lag()
ℹ Use the conflicted package (<http://conflicted.r-lib.org/>) to force all conflicts to become errors
> 
> 
> 
> ### * <FOOTER>
> ###
> cleanEx()

detaching ‘package:lubridate’, ‘package:forcats’, ‘package:stringr’,
  ‘package:dplyr’, ‘package:purrr’, ‘package:readr’, ‘package:tidyr’,
  ‘package:tibble’, ‘package:ggplot2’, ‘package:tidyverse’

> options(digits = 7L)
> base::cat("Time elapsed: ", proc.time() - base::get("ptime", pos = 'CheckExEnv'),"\n")
Time elapsed:  0.574 0.058 1.274 0.002 0.004 
> grDevices::dev.off()
null device 
          1 
> ###
> ### Local variables: ***
> ### mode: outline-minor ***
> ### outline-regexp: "\\(> \\)?### [*]+" ***
> ### End: ***
> quit('no')
